// Jest Snapshot v1, https://goo.gl/fbAQLP

exports[`#defaultRequest it creates a default consent 1`] = `
Object {
  "expiry": 1551176880,
  "scope": Array [
    Object {
      "area": "languages",
      "description": "languages that you have entered in the service.",
      "domain": "myskills-api-domain",
      "lawfulBasis": "CONSENT",
      "permissions": Array [
        "write",
      ],
      "purpose": "In order to create a CV using our website.",
    },
    Object {
      "area": "educations",
      "description": "educations that you have entered in the service.",
      "domain": "myskills-api-domain",
      "lawfulBasis": "CONSENT",
      "permissions": Array [
        "write",
      ],
      "purpose": "In order to create a CV using our website.",
    },
    Object {
      "area": "experiences",
      "description": "experiences that you have entered in the service.",
      "domain": "myskills-api-domain",
      "lawfulBasis": "CONSENT",
      "permissions": Array [
        "write",
      ],
      "purpose": "In order to create a CV using our website.",
    },
    Object {
      "area": "occupation",
      "description": "occupation that you have entered in the service.",
      "domain": "myskills-api-domain",
      "lawfulBasis": "CONSENT",
      "permissions": Array [
        "write",
      ],
      "purpose": "In order to create a CV using our website.",
    },
    Object {
      "area": "skills",
      "description": "skills that you have entered in the service.",
      "domain": "myskills-api-domain",
      "lawfulBasis": "CONSENT",
      "permissions": Array [
        "write",
      ],
      "purpose": "In order to create a CV using our website.",
    },
    Object {
      "area": "profile",
      "description": "profile that you have entered in the service.",
      "domain": "myskills-api-domain",
      "lawfulBasis": "CONSENT",
      "permissions": Array [
        "write",
      ],
      "purpose": "In order to create a CV using our website.",
    },
    Object {
      "area": "image",
      "description": "image that you have entered in the service.",
      "domain": "myskills-api-domain",
      "lawfulBasis": "CONSENT",
      "permissions": Array [
        "write",
      ],
      "purpose": "In order to create a CV using our website.",
    },
    Object {
      "area": "personalDescription",
      "description": "personalDescription that you have entered in the service.",
      "domain": "myskills-api-domain",
      "lawfulBasis": "CONSENT",
      "permissions": Array [
        "write",
      ],
      "purpose": "In order to create a CV using our website.",
    },
    Object {
      "area": "traits",
      "description": "traits that you have entered in the service.",
      "domain": "myskills-api-domain",
      "lawfulBasis": "CONSENT",
      "permissions": Array [
        "write",
      ],
      "purpose": "In order to create a CV using our website.",
    },
  ],
}
`;
